// Jest Snapshot v1, https://goo.gl/fbAQLP

exports[`<Calendar/> redners with no props 1`] = `
<div
  className="calendar"
>
  <div
    className="calendar__list"
  >
    <div
      className="calendar__item"
      key="0"
    >
      <CalendarContainer
        base={"2018-04-30T15:00:00.000Z"}
        current={"2018-04-30T15:00:00.000Z"}
        locale="en"
        nextIcon={true}
        prevIcon={true}
        setBase={[Function]}
        show={true}
        showMonthCnt={1}
        showToday={false}
      />
    </div>
  </div>
</div>
`;
