// Jest Snapshot v1, https://goo.gl/fbAQLP

exports[`<RagePickerInput /> should render without crash 1`] = `
<div
  className="range-picker-input"
>
  <span
    className="range-picker-input__start"
  >
    <PickerInput
      className="range"
      onBlur={[Function]}
      onChange={[Function]}
      onClear={[Function]}
      onClick={[Function]}
    />
  </span>
  <span
    className="range-picker-input__icon"
  >
    <SVGIcon
      color="currentColor"
      id="right-arrow"
      size="16"
    />
  </span>
  <span
    className="range-picker-input__end"
  >
    <PickerInput
      className="range"
      onBlur={[Function]}
      onChange={[Function]}
      onClear={[Function]}
      onClick={[Function]}
    />
  </span>
</div>
`;
