// Jest Snapshot v1, https://goo.gl/fbAQLP

exports[`<TimePicker/> shallow render test render with no props 1`] = `
<div
  className="timepicker"
>
  <div
    className="timepicker__input"
    onClick={[Function]}
  >
    <PickerInput
      onBlur={[Function]}
      onChange={[Function]}
      onClear={[Function]}
      value="01:00 AM"
    />
  </div>
  <div
    aria-modal="true"
    className="timepicker__container"
    role="dialog"
    style={
      Object {
        "display": "none",
        "left": "",
        "top": "",
      }
    }
  >
    <TimeContainer
      onChange={[Function]}
    />
  </div>
  <Backdrop
    onClick={[Function]}
    show={false}
  />
</div>
`;
